0 verbose cli C:\Program Files\nodejs\node.exe C:\Program Files\nodejs\node_modules\npm\bin\npm-cli.js
1 info using npm@11.11.0
2 info using node@v24.14.1
3 silly config load:file:C:\Program Files\nodejs\node_modules\npm\npmrc
4 silly config load:file:C:\Users\appri\birdiesgc\.npmrc
5 silly config load:file:C:\Users\appri\.npmrc
6 silly config load:file:C:\Users\appri\AppData\Roaming\npm\etc\npmrc
7 verbose config error loading global config Error: EPERM: operation not permitted, open 'C:\Users\appri\AppData\Roaming\npm\etc\npmrc'
7 verbose config     at async open (node:internal/fs/promises:640:25)
7 verbose config     at async readFile (node:internal/fs/promises:1283:14)
7 verbose config     at async #loadFile (C:\Program Files\nodejs\node_modules\npm\node_modules\@npmcli\config\lib\index.js:639:5)
7 verbose config     at async Config.load (C:\Program Files\nodejs\node_modules\npm\node_modules\@npmcli\config\lib\index.js:263:5)
7 verbose config     at async #load (C:\Program Files\nodejs\node_modules\npm\lib\npm.js:100:5)
7 verbose config     at async Npm.load (C:\Program Files\nodejs\node_modules\npm\lib\npm.js:82:14)
7 verbose config     at async module.exports (C:\Program Files\nodejs\node_modules\npm\lib\cli\entry.js:35:37) {
7 verbose config   errno: -4048,
7 verbose config   code: 'EPERM',
7 verbose config   syscall: 'open',
7 verbose config   path: 'C:\\Users\\appri\\AppData\\Roaming\\npm\\etc\\npmrc'
7 verbose config }
8 verbose title npm exec vercel --prod --yes
9 verbose argv "exec" "--" "vercel" "--prod" "--yes"
10 verbose logfile logs-max:10 dir:C:\Users\appri\birdiesgc\.npm-cache\_logs\2026-06-14T18_56_56_898Z-
11 verbose logfile C:\Users\appri\birdiesgc\.npm-cache\_logs\2026-06-14T18_56_56_898Z-debug-0.log
12 silly logfile done cleaning log files
13 silly packumentCache heap:4496293888 maxSize:1124073472 maxEntrySize:562036736
14 http fetch GET https://registry.npmjs.org/vercel attempt 1 failed with EACCES
15 http fetch GET https://registry.npmjs.org/npm attempt 1 failed with EACCES
16 http fetch GET https://registry.npmjs.org/vercel attempt 2 failed with EACCES
17 http fetch GET https://registry.npmjs.org/npm attempt 2 failed with EACCES
18 http fetch GET https://registry.npmjs.org/vercel attempt 3 failed with EACCES
19 http fetch GET https://registry.npmjs.org/npm attempt 3 failed with EACCES
20 verbose type system
21 verbose stack FetchError: request to https://registry.npmjs.org/vercel failed, reason: 
21 verbose stack     at ClientRequest.<anonymous> (C:\Program Files\nodejs\node_modules\npm\node_modules\minipass-fetch\lib\index.js:130:14)
21 verbose stack     at ClientRequest.emit (node:events:508:28)
21 verbose stack     at emitErrorEvent (node:_http_client:108:11)
21 verbose stack     at _destroy (node:_http_client:963:9)
21 verbose stack     at onSocketNT (node:_http_client:983:5)
21 verbose stack     at process.processTicksAndRejections (node:internal/process/task_queues:91:21)
22 error code EACCES
23 error errno EACCES
24 error FetchError: request to https://registry.npmjs.org/vercel failed, reason: 
24 error     at ClientRequest.<anonymous> (C:\Program Files\nodejs\node_modules\npm\node_modules\minipass-fetch\lib\index.js:130:14)
24 error     at ClientRequest.emit (node:events:508:28)
24 error     at emitErrorEvent (node:_http_client:108:11)
24 error     at _destroy (node:_http_client:963:9)
24 error     at onSocketNT (node:_http_client:983:5)
24 error     at process.processTicksAndRejections (node:internal/process/task_queues:91:21) {
24 error   code: 'EACCES',
24 error   errno: 'EACCES',
24 error   type: 'system'
24 error }
25 error
25 error The operation was rejected by your operating system.
25 error It's possible that the file was already in use (by a text editor or antivirus),
25 error or that you lack permissions to access it.
25 error
25 error If you believe this might be a permissions issue, please double-check the
25 error permissions of the file and its containing directories, or try running
25 error the command again as root/Administrator.
26 verbose cwd C:\Users\appri\birdiesgc
27 verbose os Windows_NT 10.0.26200
28 verbose node v24.14.1
29 verbose npm  v11.11.0
30 verbose exit 1
31 verbose code 1
32 error A complete log of this run can be found in: C:\Users\appri\birdiesgc\.npm-cache\_logs\2026-06-14T18_56_56_898Z-debug-0.log
